// Jest Snapshot v1, https://goo.gl/fbAQLP

exports[`Counter component Debe hacer match con el snapshot 1`] = `
<!--v-if-->
<div class="bg-dark"></div>
<div class="indecision-container"><input type="text" placeholder="Hazme una pregunta">
  <p>Recuerda terminar con el signo "?"</p>
  <!--v-if-->
</div>
`;

exports[`Indecision component Debe hacer match con el snapshot 1`] = `
<!--v-if-->
<div class="bg-dark"></div>
<div class="indecision-container"><input type="text" placeholder="Hazme una pregunta">
  <p>Recuerda terminar con el signo "?"</p>
  <!--v-if-->
</div>
`;
