// Jest Snapshot v1, https://goo.gl/fbAQLP

exports[`PokemonPage component match con snapshot cuando cargan pokemons 1`] = `
<div>
  <div>
    <h1>¿Qué Pokémon es?</h1>
    <pokemon-picture-stub pokemonid="1" showpokemon="false"></pokemon-picture-stub>
    <pokemon-options-stub pokemons="[object Object],[object Object],[object Object],[object Object]"></pokemon-options-stub>
    <!--v-if-->
  </div>
</div>
`;
